
> matesync@0.1.0 build
> next build

  тЦ▓ Next.js 14.2.35

   Creating an optimized production build ...
 тЬУ Compiled successfully
   Linting and checking validity of types ...
node.exe : 
At line:1 char:1
+ & "E:\/node.exe" "E:\/node_modules/npm/bin/npm-cli.js" run build
+ ~~~~~~~~~~~~~~~~~~~~~~~~~~~~~~~~~~~~~~~~~~~~~~~~~~~~~~~~~~~~~~~~
    + CategoryInfo          : NotSpecified: (:String) [], RemoteException
    + FullyQualifiedErrorId : NativeCommandError
 
Failed to compile.

./src/components/Cases.tsx
179:29  Error: React Hook "useTransform" cannot be called inside a callback. React Hooks must be called in a React function component or a custom R
eact Hook function.  react-hooks/rules-of-hooks
180:27  Error: React Hook "useTransform" cannot be called inside a callback. React Hooks must be called in a React function component or a custom R
eact Hook function.  react-hooks/rules-of-hooks
181:19  Error: 'borderWidth' is assigned a value but never used.  @typescript-eslint/no-unused-vars
181:33  Error: React Hook "useTransform" cannot be called inside a callback. React Hooks must be called in a React function component or a custom R
eact Hook function.  react-hooks/rules-of-hooks
182:32  Error: React Hook "useTransform" cannot be called inside a callback. React Hooks must be called in a React function component or a custom R
eact Hook function.  react-hooks/rules-of-hooks

./src/components/Hero.tsx
3:8  Error: 'Link' is defined but never used.  @typescript-eslint/no-unused-vars
7:18  Error: 'AnimatePresence' is defined but never used.  @typescript-eslint/no-unused-vars

./src/components/RippleButton.tsx
46:30  Error: Unexpected any. Specify a different type.  @typescript-eslint/no-explicit-any
70:25  Error: Unexpected any. Specify a different type.  @typescript-eslint/no-explicit-any
73:30  Error: Unexpected any. Specify a different type.  @typescript-eslint/no-explicit-any

info  - Need to disable some ESLint rules? Learn more here: https://nextjs.org/docs/basic-features/eslint#disabling-rules
